// Jest Snapshot v1, https://goo.gl/fbAQLP

exports[`renders when there are no items 1`] = `
<div
  className="chakra-stack css-eao00i"
>
  <div
    className="css-ixqi0y"
    spacing="10"
  >
    <div
      className="chakra-stack css-efzghl"
    >
      <h2
        className="chakra-heading css-kbn7if"
      >
        Unknown municipality
      </h2>
    </div>
  </div>
  <div
    className="css-1s3qarl"
  >
    <div
      className="chakra-stack css-zww36l"
    >
      <div
        align="right"
        className="chakra-container css-zxqcz"
        justify="right"
      >
        <div
          className="css-k008qs"
        >
          <button
            className="chakra-button css-oqfhsh"
            onClick={[Function]}
            type="button"
          >
            Compare with ...
          </button>
          <div
            className="css-17xejub"
          />
          <div
            className="chakra-stack css-1q3uncw"
          >
            <p
              className="chakra-text css-140q4f4"
            >
              Year:
            </p>
            <div
              className="chakra-select__wrapper css-1wmuqwq"
            >
              <select
                className="chakra-select css-1p4gbel"
                onBlur={[Function]}
                onChange={[Function]}
                onFocus={[Function]}
                value={-1}
              />
              <div
                className="chakra-select__icon-wrapper css-162mkon"
              >
                <svg
                  aria-hidden={true}
                  className="chakra-select__icon"
                  focusable={false}
                  role="presentation"
                  style={
                    Object {
                      "color": "currentColor",
                      "height": "1em",
                      "width": "1em",
                    }
                  }
                  viewBox="0 0 24 24"
                >
                  <path
                    d="M16.59 8.59L12 13.17 7.41 8.59 6 10l6 6 6-6z"
                    fill="currentColor"
                  />
                </svg>
              </div>
            </div>
          </div>
        </div>
      </div>
      <div
        className="css-1s3qarl"
      >
        <div
          className="css-48y5oj"
        >
          <div
            className="chakra-alert css-1hwd9xd"
            role="alert"
          >
            <span
              className="chakra-alert__icon css-1c6vscd"
            >
              <svg
                className="chakra-icon css-fi0ww0"
                focusable={false}
                viewBox="0 0 24 24"
              >
                <path
                  d="M11.983,0a12.206,12.206,0,0,0-8.51,3.653A11.8,11.8,0,0,0,0,12.207,11.779,11.779,0,0,0,11.8,24h.214A12.111,12.111,0,0,0,24,11.791h0A11.766,11.766,0,0,0,11.983,0ZM10.5,16.542a1.476,1.476,0,0,1,1.449-1.53h.027a1.527,1.527,0,0,1,1.523,1.47,1.475,1.475,0,0,1-1.449,1.53h-.027A1.529,1.529,0,0,1,10.5,16.542ZM11,12.5v-6a1,1,0,0,1,2,0v6a1,1,0,1,1-2,0Z"
                  fill="currentColor"
                />
              </svg>
            </span>
            <div
              className="chakra-alert__title css-1qkvt8e"
            >
              NOTICE!
            </div>
            <div
              className="chakra-alert__desc css-6n7j50"
            >
              All data is fictional.
            </div>
            <button
              aria-label="Close"
              className="css-k60dwl"
              onClick={[Function]}
              type="button"
            >
              <svg
                aria-hidden={true}
                className="chakra-icon css-onkibi"
                focusable="false"
                viewBox="0 0 24 24"
              >
                <path
                  d="M.439,21.44a1.5,1.5,0,0,0,2.122,2.121L11.823,14.3a.25.25,0,0,1,.354,0l9.262,9.263a1.5,1.5,0,1,0,2.122-2.121L14.3,12.177a.25.25,0,0,1,0-.354l9.263-9.262A1.5,1.5,0,0,0,21.439.44L12.177,9.7a.25.25,0,0,1-.354,0L2.561.44A1.5,1.5,0,0,0,.439,2.561L9.7,11.823a.25.25,0,0,1,0,.354Z"
                  fill="currentColor"
                />
              </svg>
            </button>
          </div>
        </div>
      </div>
      <div
        className="css-172bykr"
      >
        <div
          className="chakra-stack css-eao00i"
        >
          <div
            className="chakra-spinner css-1nasj0w"
          >
            <span
              className="css-f8n5zr"
            >
              Loading...
            </span>
          </div>
          <p
            className="chakra-text css-0"
          >
            Loading...
          </p>
        </div>
      </div>
    </div>
  </div>
</div>
`;
